{
  "version": "1.5.0",
  "plugins_used": [
    {
      "name": "ArtifactoryDetector"
    },
    {
      "name": "AWSKeyDetector"
    },
    {
      "name": "AzureStorageKeyDetector"
    },
    {
      "name": "Base64HighEntropyString",
      "limit": 4.5
    },
    {
      "name": "BasicAuthDetector"
    },
    {
      "name": "CloudantDetector"
    },
    {
      "name": "DiscordBotTokenDetector"
    },
    {
      "name": "GitHubTokenDetector"
    },
    {
      "name": "GitLabTokenDetector"
    },
    {
      "name": "HexHighEntropyString",
      "limit": 3.0
    },
    {
      "name": "IbmCloudIamDetector"
    },
    {
      "name": "IbmCosHmacDetector"
    },
    {
      "name": "IPPublicDetector"
    },
    {
      "name": "JwtTokenDetector"
    },
    {
      "name": "KeywordDetector",
      "keyword_exclude": ""
    },
    {
      "name": "MailchimpDetector"
    },
    {
      "name": "NpmDetector"
    },
    {
      "name": "OpenAIDetector"
    },
    {
      "name": "PrivateKeyDetector"
    },
    {
      "name": "PypiTokenDetector"
    },
    {
      "name": "SendGridDetector"
    },
    {
      "name": "SlackDetector"
    },
    {
      "name": "SoftlayerDetector"
    },
    {
      "name": "SquareOAuthDetector"
    },
    {
      "name": "StripeDetector"
    },
    {
      "name": "TelegramBotTokenDetector"
    },
    {
      "name": "TwilioKeyDetector"
    }
  ],
  "filters_used": [
    {
      "path": "detect_secrets.filters.allowlist.is_line_allowlisted"
    },
    {
      "path": "detect_secrets.filters.common.is_baseline_file",
      "filename": ".secrets.baseline"
    },
    {
      "path": "detect_secrets.filters.common.is_ignored_due_to_verification_policies",
      "min_level": 2
    },
    {
      "path": "detect_secrets.filters.heuristic.is_indirect_reference"
    },
    {
      "path": "detect_secrets.filters.heuristic.is_likely_id_string"
    },
    {
      "path": "detect_secrets.filters.heuristic.is_lock_file"
    },
    {
      "path": "detect_secrets.filters.heuristic.is_not_alphanumeric_string"
    },
    {
      "path": "detect_secrets.filters.heuristic.is_potential_uuid"
    },
    {
      "path": "detect_secrets.filters.heuristic.is_prefixed_with_dollar_sign"
    },
    {
      "path": "detect_secrets.filters.heuristic.is_sequential_string"
    },
    {
      "path": "detect_secrets.filters.heuristic.is_swagger_file"
    },
    {
      "path": "detect_secrets.filters.heuristic.is_templated_secret"
    }
  ],
  "results": {
    ".claude/agents/sdd-implement/AGENT.md": [
      {
        "type": "Secret Keyword",
        "filename": ".claude/agents/sdd-implement/AGENT.md",
        "hashed_secret": "72559b51f94a7a3ad058c5740cbe2f7cb0d4080b",
        "is_verified": false,
        "line_number": 388
      },
      {
        "type": "Secret Keyword",
        "filename": ".claude/agents/sdd-implement/AGENT.md",
        "hashed_secret": "036220aae78bc43a08bd84796f0f12083a64533b",
        "is_verified": false,
        "line_number": 402
      }
    ],
    ".claude/agents/sdd-reverse-engineer/AGENT.md": [
      {
        "type": "Secret Keyword",
        "filename": ".claude/agents/sdd-reverse-engineer/AGENT.md",
        "hashed_secret": "72559b51f94a7a3ad058c5740cbe2f7cb0d4080b",
        "is_verified": false,
        "line_number": 529
      }
    ],
    ".claude/skills/TDD-Skill/references/mocking-isolation.md": [
      {
        "type": "Secret Keyword",
        "filename": ".claude/skills/TDD-Skill/references/mocking-isolation.md",
        "hashed_secret": "ed65c049bb2f78ee4f703b2158ba9cc6ea31fb7e",
        "is_verified": false,
        "line_number": 112
      }
    ],
    ".claude/skills/fastapi-backend/references/anti-patterns.md": [
      {
        "type": "Basic Auth Credentials",
        "filename": ".claude/skills/fastapi-backend/references/anti-patterns.md",
        "hashed_secret": "5baa61e4c9b93f3f0682250b6cf8331b7ee68fd8",
        "is_verified": false,
        "line_number": 59
      },
      {
        "type": "Secret Keyword",
        "filename": ".claude/skills/fastapi-backend/references/anti-patterns.md",
        "hashed_secret": "99091d046a81493ef2545d8c3cd8e881e8702893",
        "is_verified": false,
        "line_number": 60
      }
    ],
    ".claude/skills/fastapi-backend/scripts/init_fastapi.py": [
      {
        "type": "Basic Auth Credentials",
        "filename": ".claude/skills/fastapi-backend/scripts/init_fastapi.py",
        "hashed_secret": "5baa61e4c9b93f3f0682250b6cf8331b7ee68fd8",
        "is_verified": false,
        "line_number": 186
      }
    ],
    ".claude/skills/fetch-library-docs/references/context7-tools.md": [
      {
        "type": "Secret Keyword",
        "filename": ".claude/skills/fetch-library-docs/references/context7-tools.md",
        "hashed_secret": "1eb194581acc066322494dff18c889004615fe4f",
        "is_verified": false,
        "line_number": 227
      }
    ],
    ".claude/skills/helm-packaging/references/values-patterns.md": [
      {
        "type": "Secret Keyword",
        "filename": ".claude/skills/helm-packaging/references/values-patterns.md",
        "hashed_secret": "9022b3e6f05067ab3b385846e8b1436db6bb1291",
        "is_verified": false,
        "line_number": 665
      }
    ],
    ".claude/skills/neon-db/SKILL.md": [
      {
        "type": "Basic Auth Credentials",
        "filename": ".claude/skills/neon-db/SKILL.md",
        "hashed_secret": "5baa61e4c9b93f3f0682250b6cf8331b7ee68fd8",
        "is_verified": false,
        "line_number": 48
      },
      {
        "type": "Basic Auth Credentials",
        "filename": ".claude/skills/neon-db/SKILL.md",
        "hashed_secret": "9d4e1e23bd5b727046a9e3b4b7db57bd8d6ee684",
        "is_verified": false,
        "line_number": 123
      },
      {
        "type": "Basic Auth Credentials",
        "filename": ".claude/skills/neon-db/SKILL.md",
        "hashed_secret": "afc848c316af1a89d49826c5ae9d00ed769415f3",
        "is_verified": false,
        "line_number": 208
      }
    ],
    ".claude/skills/neon-db/references/anti-patterns.md": [
      {
        "type": "Basic Auth Credentials",
        "filename": ".claude/skills/neon-db/references/anti-patterns.md",
        "hashed_secret": "cbfdac6008f9cab4083784cbd1874f76618d2a97",
        "is_verified": false,
        "line_number": 11
      },
      {
        "type": "Basic Auth Credentials",
        "filename": ".claude/skills/neon-db/references/anti-patterns.md",
        "hashed_secret": "9d4e1e23bd5b727046a9e3b4b7db57bd8d6ee684",
        "is_verified": false,
        "line_number": 33
      },
      {
        "type": "Basic Auth Credentials",
        "filename": ".claude/skills/neon-db/references/anti-patterns.md",
        "hashed_secret": "5baa61e4c9b93f3f0682250b6cf8331b7ee68fd8",
        "is_verified": false,
        "line_number": 57
      }
    ],
    ".claude/skills/neon-db/references/branching.md": [
      {
        "type": "Basic Auth Credentials",
        "filename": ".claude/skills/neon-db/references/branching.md",
        "hashed_secret": "9d4e1e23bd5b727046a9e3b4b7db57bd8d6ee684",
        "is_verified": false,
        "line_number": 25
      }
    ],
    ".claude/skills/neon-db/references/connection-pooling.md": [
      {
        "type": "Basic Auth Credentials",
        "filename": ".claude/skills/neon-db/references/connection-pooling.md",
        "hashed_secret": "9d4e1e23bd5b727046a9e3b4b7db57bd8d6ee684",
        "is_verified": false,
        "line_number": 35
      }
    ],
    ".claude/skills/neon-db/scripts/check_connection.py": [
      {
        "type": "Basic Auth Credentials",
        "filename": ".claude/skills/neon-db/scripts/check_connection.py",
        "hashed_secret": "9d4e1e23bd5b727046a9e3b4b7db57bd8d6ee684",
        "is_verified": false,
        "line_number": 26
      }
    ],
    ".claude/skills/pytest-tdd/references/mocking-guide.md": [
      {
        "type": "Secret Keyword",
        "filename": ".claude/skills/pytest-tdd/references/mocking-guide.md",
        "hashed_secret": "00942f4668670f34c5943cf52c7ef3139fe2b8d6",
        "is_verified": false,
        "line_number": 354
      },
      {
        "type": "Secret Keyword",
        "filename": ".claude/skills/pytest-tdd/references/mocking-guide.md",
        "hashed_secret": "b9615cef6cff3572af1365ff44c8b92ea9266f3e",
        "is_verified": false,
        "line_number": 371
      }
    ],
    ".claude/skills/sqlmodel-orm/SKILL.md": [
      {
        "type": "Basic Auth Credentials",
        "filename": ".claude/skills/sqlmodel-orm/SKILL.md",
        "hashed_secret": "5baa61e4c9b93f3f0682250b6cf8331b7ee68fd8",
        "is_verified": false,
        "line_number": 62
      }
    ],
    ".env.example": [
      {
        "type": "Basic Auth Credentials",
        "filename": ".env.example",
        "hashed_secret": "5baa61e4c9b93f3f0682250b6cf8331b7ee68fd8",
        "is_verified": false,
        "line_number": 10
      }
    ],
    ".env.local.example": [
      {
        "type": "Basic Auth Credentials",
        "filename": ".env.local.example",
        "hashed_secret": "afc848c316af1a89d49826c5ae9d00ed769415f3",
        "is_verified": false,
        "line_number": 8
      }
    ],
    "specs/002-logging-infrastructure/API.md": [
      {
        "type": "Secret Keyword",
        "filename": "specs/002-logging-infrastructure/API.md",
        "hashed_secret": "d60c88ef8e4a841dbc53c593865b0dc19b6a6f90",
        "is_verified": false,
        "line_number": 597
      }
    ],
    "specs/002-logging-infrastructure/quickstart.md": [
      {
        "type": "Secret Keyword",
        "filename": "specs/002-logging-infrastructure/quickstart.md",
        "hashed_secret": "129c891cf1ff651c74e662c795b91d5f71e10aa5",
        "is_verified": false,
        "line_number": 404
      }
    ],
    "specs/002-logging-infrastructure/research.md": [
      {
        "type": "Secret Keyword",
        "filename": "specs/002-logging-infrastructure/research.md",
        "hashed_secret": "94ac7daf6bc954ada2709a3931d7639c7a4ce794",
        "is_verified": false,
        "line_number": 755
      },
      {
        "type": "AWS Access Key",
        "filename": "specs/002-logging-infrastructure/research.md",
        "hashed_secret": "25910f981e85ca04baf359199dd0bd4a3ae738b6",
        "is_verified": false,
        "line_number": 758
      },
      {
        "type": "GitHub Token",
        "filename": "specs/002-logging-infrastructure/research.md",
        "hashed_secret": "e175c6f5f2a92e8623bd9a4820edb4e8c1b0fd10",
        "is_verified": false,
        "line_number": 759
      },
      {
        "type": "Secret Keyword",
        "filename": "specs/002-logging-infrastructure/research.md",
        "hashed_secret": "a94a8fe5ccb19ba61c4c0873d391e987982fbbd3",
        "is_verified": false,
        "line_number": 764
      }
    ],
    "specs/005-watcher-scripts/spec.md": [
      {
        "type": "Secret Keyword",
        "filename": "specs/005-watcher-scripts/spec.md",
        "hashed_secret": "f0a3e10c7d48d05317fc849d9704174958c5e62a",
        "is_verified": false,
        "line_number": 1020
      }
    ],
    "src/logging/redaction.py": [
      {
        "type": "JSON Web Token",
        "filename": "src/logging/redaction.py",
        "hashed_secret": "34c659f4df06118f5bc39edc355b4542851ad3f6",
        "is_verified": false,
        "line_number": 98
      },
      {
        "type": "Secret Keyword",
        "filename": "src/logging/redaction.py",
        "hashed_secret": "7a63ac4cadfa443f198e4adf61b82c4c405bb9ef",
        "is_verified": false,
        "line_number": 161
      }
    ],
    "src/mcp_servers/fastapi_backend_mcp.py": [
      {
        "type": "Basic Auth Credentials",
        "filename": "src/mcp_servers/fastapi_backend_mcp.py",
        "hashed_secret": "9d4e1e23bd5b727046a9e3b4b7db57bd8d6ee684",
        "is_verified": false,
        "line_number": 67
      },
      {
        "type": "Basic Auth Credentials",
        "filename": "src/mcp_servers/fastapi_backend_mcp.py",
        "hashed_secret": "5baa61e4c9b93f3f0682250b6cf8331b7ee68fd8",
        "is_verified": false,
        "line_number": 340
      }
    ],
    "src/mcp_servers/helm_packaging_mcp.py": [
      {
        "type": "Secret Keyword",
        "filename": "src/mcp_servers/helm_packaging_mcp.py",
        "hashed_secret": "e5e9fa1ba31ecd1ae84f75caaa474f3a663f05f4",
        "is_verified": false,
        "line_number": 46
      }
    ],
    "src/mcp_servers/neon_db_mcp.py": [
      {
        "type": "Basic Auth Credentials",
        "filename": "src/mcp_servers/neon_db_mcp.py",
        "hashed_secret": "5baa61e4c9b93f3f0682250b6cf8331b7ee68fd8",
        "is_verified": false,
        "line_number": 623
      },
      {
        "type": "Basic Auth Credentials",
        "filename": "src/mcp_servers/neon_db_mcp.py",
        "hashed_secret": "9d4e1e23bd5b727046a9e3b4b7db57bd8d6ee684",
        "is_verified": false,
        "line_number": 787
      }
    ],
    "src/mcp_servers/sqlmodel_orm_mcp.py": [
      {
        "type": "Basic Auth Credentials",
        "filename": "src/mcp_servers/sqlmodel_orm_mcp.py",
        "hashed_secret": "5baa61e4c9b93f3f0682250b6cf8331b7ee68fd8",
        "is_verified": false,
        "line_number": 734
      }
    ],
    "src/watchers/whatsapp_watcher.py": [
      {
        "type": "Secret Keyword",
        "filename": "src/watchers/whatsapp_watcher.py",
        "hashed_secret": "f0a3e10c7d48d05317fc849d9704174958c5e62a",
        "is_verified": false,
        "line_number": 78
      }
    ],
    "tests/cli/test_mcp.py": [
      {
        "type": "Secret Keyword",
        "filename": "tests/cli/test_mcp.py",
        "hashed_secret": "a94a8fe5ccb19ba61c4c0873d391e987982fbbd3",
        "is_verified": false,
        "line_number": 242
      }
    ],
    "tests/mcp_servers/test_docker_containerization_mcp.py": [
      {
        "type": "Secret Keyword",
        "filename": "tests/mcp_servers/test_docker_containerization_mcp.py",
        "hashed_secret": "bb02c6365c097bdf75be3f6885d2af334e7ce4d7",
        "is_verified": false,
        "line_number": 125
      }
    ],
    "tests/mcp_servers/test_fastapi_backend_mcp.py": [
      {
        "type": "Basic Auth Credentials",
        "filename": "tests/mcp_servers/test_fastapi_backend_mcp.py",
        "hashed_secret": "5baa61e4c9b93f3f0682250b6cf8331b7ee68fd8",
        "is_verified": false,
        "line_number": 584
      }
    ],
    "tests/mcp_servers/test_tdd_mcp.py": [
      {
        "type": "Secret Keyword",
        "filename": "tests/mcp_servers/test_tdd_mcp.py",
        "hashed_secret": "bb02c6365c097bdf75be3f6885d2af334e7ce4d7",
        "is_verified": false,
        "line_number": 101
      }
    ],
    "tests/unit/logging/test_config.py": [
      {
        "type": "Secret Keyword",
        "filename": "tests/unit/logging/test_config.py",
        "hashed_secret": "d60c88ef8e4a841dbc53c593865b0dc19b6a6f90",
        "is_verified": false,
        "line_number": 209
      }
    ],
    "tests/unit/logging/test_logger_service.py": [
      {
        "type": "Secret Keyword",
        "filename": "tests/unit/logging/test_logger_service.py",
        "hashed_secret": "f2b14f68eb995facb3a1c35287b778d5bd785511",
        "is_verified": false,
        "line_number": 237
      }
    ],
    "tests/unit/logging/test_redaction.py": [
      {
        "type": "Secret Keyword",
        "filename": "tests/unit/logging/test_redaction.py",
        "hashed_secret": "6bf06002123f2a8a5f20f74e32ca38d557388b35",
        "is_verified": false,
        "line_number": 58
      },
      {
        "type": "Hex High Entropy String",
        "filename": "tests/unit/logging/test_redaction.py",
        "hashed_secret": "fa7bfb81d4e93322f0ab0901dbe2eda3f9544a9a",
        "is_verified": false,
        "line_number": 59
      },
      {
        "type": "Secret Keyword",
        "filename": "tests/unit/logging/test_redaction.py",
        "hashed_secret": "fa7bfb81d4e93322f0ab0901dbe2eda3f9544a9a",
        "is_verified": false,
        "line_number": 59
      },
      {
        "type": "Secret Keyword",
        "filename": "tests/unit/logging/test_redaction.py",
        "hashed_secret": "1bad0e09db06d40c6f924cf0f36ca8d507ed2a9b",
        "is_verified": false,
        "line_number": 87
      },
      {
        "type": "Base64 High Entropy String",
        "filename": "tests/unit/logging/test_redaction.py",
        "hashed_secret": "f27d5ec60771e3b717b2a5a921c6601feaa670f4",
        "is_verified": false,
        "line_number": 106
      },
      {
        "type": "JSON Web Token",
        "filename": "tests/unit/logging/test_redaction.py",
        "hashed_secret": "34c659f4df06118f5bc39edc355b4542851ad3f6",
        "is_verified": false,
        "line_number": 113
      },
      {
        "type": "Base64 High Entropy String",
        "filename": "tests/unit/logging/test_redaction.py",
        "hashed_secret": "e180a208a49c45ccb17f2b2fcb4c708245799063",
        "is_verified": false,
        "line_number": 127
      },
      {
        "type": "Base64 High Entropy String",
        "filename": "tests/unit/logging/test_redaction.py",
        "hashed_secret": "d747551dec5515f5ae3f304968af788133365dea",
        "is_verified": false,
        "line_number": 128
      },
      {
        "type": "Base64 High Entropy String",
        "filename": "tests/unit/logging/test_redaction.py",
        "hashed_secret": "18f43e3c5c0536d9bdee597549cf29972074561b",
        "is_verified": false,
        "line_number": 139
      },
      {
        "type": "Base64 High Entropy String",
        "filename": "tests/unit/logging/test_redaction.py",
        "hashed_secret": "a05367105f555c0221386b238215f8f98d7012e5",
        "is_verified": false,
        "line_number": 142
      },
      {
        "type": "Base64 High Entropy String",
        "filename": "tests/unit/logging/test_redaction.py",
        "hashed_secret": "d70eab08607a4d05faa2d0d6647206599e9abc65",
        "is_verified": false,
        "line_number": 143
      },
      {
        "type": "Secret Keyword",
        "filename": "tests/unit/logging/test_redaction.py",
        "hashed_secret": "f2b14f68eb995facb3a1c35287b778d5bd785511",
        "is_verified": false,
        "line_number": 172
      },
      {
        "type": "Secret Keyword",
        "filename": "tests/unit/logging/test_redaction.py",
        "hashed_secret": "aafdc23870ecbcd3d557b6423a8982134e17927e",
        "is_verified": false,
        "line_number": 188
      },
      {
        "type": "Secret Keyword",
        "filename": "tests/unit/logging/test_redaction.py",
        "hashed_secret": "ff37a98a9963d347e9749a5c1b3936a4a245a6ff",
        "is_verified": false,
        "line_number": 189
      }
    ],
    "tests/watchers/test_filesystem_watcher.py": [
      {
        "type": "Hex High Entropy String",
        "filename": "tests/watchers/test_filesystem_watcher.py",
        "hashed_secret": "87e37242588d50eeb3e08f1dac027b851090fff7",
        "is_verified": false,
        "line_number": 101
      }
    ],
    "tests/watchers/test_whatsapp_watcher.py": [
      {
        "type": "Secret Keyword",
        "filename": "tests/watchers/test_whatsapp_watcher.py",
        "hashed_secret": "fe1bae27cb7c1fb823f496f286e78f1d2ae87734",
        "is_verified": false,
        "line_number": 42
      }
    ]
  },
  "generated_at": "2026-02-03T22:57:06Z"
}
